// Jest Snapshot v1, https://goo.gl/fbAQLP

exports[`snapshot 1`] = `
<p
  class="font-bold text-lg ml-3 mt-5"
>
  Welcome Back 
</p>
`;
